bun : $ vitest run
At line:1 char:1
+ bun test:run 2>&1 | tee test-output.txt
+ ~~~~~~~~~~~~~~~~~
    + CategoryInfo          : NotSpecified: ($ vitest run:String) [], RemoteException
    + FullyQualifiedErrorId : NativeCommandError
 

[1m[7m[36m RUN [39m[27m[22m [36mv2.1.9 [39m[90mF:/task-tracker[39m

 [32mÔ£ô[39m src/services/__tests__/tarkovApi.spec.ts [2m([22m[2m10 tests[22m[2m)[22m[90m 12[2mms[22m[39m
[90mstdout[2m | src/utils/__tests__/indexedDB.spec.ts[2m > [22m[2mTaskStorage - Tasks[2m > [22m[2mshould save and load completed tasks
[22m[39m[Storage] Saving 3 tasks to profile test-profile

[90mstdout[2m | src/utils/__tests__/indexedDB.spec.ts[2m > [22m[2mTaskStorage - Tasks[2m > [22m[2mshould overwrite previous tasks when saving
[22m[39m[Storage] Saving 2 tasks to profile test-profile
[Storage] Saving 1 tasks to profile test-profile

[90mstdout[2m | src/utils/__tests__/indexedDB.spec.ts[2m > [22m[2mTaskStorage - Collector Items[2m > [22m[2mshould save and load completed collector items
[22m[39m[Storage] Saving 3 collector items to profile test-profile
[Storage] Loaded 3 collector items from profile test-profile

[90mstdout[2m | src/utils/__tests__/indexedDB.spec.ts[2m > [22m[2mTaskStorage - Collector Items[2m > [22m[2mshould handle empty collector items
[22m[39m[Storage] Loaded 0 collector items from profile test-profile

[90mstdout[2m | src/utils/__tests__/indexedDB.spec.ts[2m > [22m[2mTaskStorage - Hideout Items[2m > [22m[2mshould save and load completed hideout items
[22m[39m[Storage] Saving 2 hideout items to profile test-profile
[Storage] Loaded 2 hideout items from profile test-profile

[90mstdout[2m | src/utils/__tests__/indexedDB.spec.ts[2m > [22m[2mTaskStorage - Storyline Objectives[2m > [22m[2mshould save and load completed storyline objectives
[22m[39m[Storage] Saving 3 storyline objectives to profile test-profile
[Storage] Loaded 3 storyline objectives from profile test-profile

[90mstdout[2m | src/utils/__tests__/indexedDB.spec.ts[2m > [22m[2mTaskStorage - Profile Switching[2m > [22m[2mshould isolate data between profiles
[22m[39m[Storage] Saving 1 tasks to profile profile-1
[Storage] Saving 1 tasks to profile profile-2

[90mstdout[2m | src/utils/__tests__/indexedDB.spec.ts[2m > [22m[2mExportImportService - Single Profile[2m > [22m[2mshould export all data
[22m[39m[Storage] Saving 2 tasks to profile test-profile
[Storage] Saving 1 collector items to profile test-profile
[Storage] Saving 1 hideout items to profile test-profile
[Storage] Saving 1 storyline objectives to profile test-profile
[Storage] Loaded 0 collector items from profile default
[Storage] Loaded 0 hideout items from profile default
[Storage] Loaded 0 storyline objectives from profile default

[90mstdout[2m | src/utils/__tests__/indexedDB.spec.ts[2m > [22m[2mExportImportService - Single Profile[2m > [22m[2mshould import all data
[22m[39m[Storage] Saving 2 tasks to profile test-profile
[Storage] Saving 1 collector items to profile test-profile
[Storage] Saving 1 hideout items to profile test-profile
[Storage] Saving 1 storyline objectives to profile test-profile
[Storage] Saving 2 tasks to profile default
[Storage] Saving 1 collector items to profile default
[Storage] Saving 1 hideout items to profile default
[Storage] Saving 1 storyline objectives to profile default
[Storage] Loaded 1 collector items from profile test-profile

[90mstdout[2m | src/utils/__tests__/indexedDB.spec.ts[2m > [22m[2mExportImportService - Single Profile[2m > [22m[2mshould handle import with missing fields gracefully
[22m[39m[Storage] Saving 2 tasks to profile test-profile
[Storage] Saving 1 collector items to profile test-profile
[Storage] Saving 1 hideout items to profile test-profile
[Storage] Saving 1 storyline objectives to profile test-profile
[Storage] Saving 1 tasks to profile default
[Storage] Saving 0 collector items to profile default
[Storage] Saving 0 hideout items to profile default
[Storage] Saving 0 storyline objectives to profile default

[90mstdout[2m | src/utils/__tests__/indexedDB.spec.ts[2m > [22m[2mExportImportService - Single Profile[2m > [22m[2mshould throw on invalid export data
[22m[39m[Storage] Saving 2 tasks to profile test-profile
[Storage] Saving 1 collector items to profile test-profile
[Storage] Saving 1 hideout items to profile test-profile
[Storage] Saving 1 storyline objectives to profile test-profile

 [31mÔØ»[39m src/utils/__tests__/indexedDB.spec.ts [2m([22m[2m26 tests[22m[2m | [22m[31m3 failed[39m[2m)[22m[90m 49[2mms[22m[39m
[31m   [31m├ù[31m ExportImportService - Single Profile[2m > [22mshould export all data[90m 9[2mms[22m[31m[39m
[31m     ÔåÆ expected [] to include 'task-1'[39m
[31m   [31m├ù[31m ExportImportService - Single Profile[2m > [22mshould import all data[90m 3[2mms[22m[31m[39m
[31m     ÔåÆ expected false to be true // Object.is equality[39m
[31m   [31m├ù[31m ExportImportService - Single Profile[2m > [22mshould handle import with missing fields gracefully[90m 2[2mms[22m[31m[39m
[31m     ÔåÆ expected 2 to be 1 // Object.is equality[39m

[31mÔÄ»ÔÄ»ÔÄ»ÔÄ»ÔÄ»ÔÄ»ÔÄ»[1m[7m Failed Tests 3 [27m[22mÔÄ»ÔÄ»ÔÄ»ÔÄ»ÔÄ»ÔÄ»ÔÄ»[39m

[31m[1m[7m FAIL [27m[22m[39m src/utils/__tests__/indexedDB.spec.ts[2m > 
[22mExportImportService - Single Profile[2m > [22mshould export all data
[31m[1mAssertionError[22m: expected [] to include 'task-1'[39m
[36m [2mÔØ»[22m src/utils/__tests__/indexedDB.spec.ts:[2m282:37[22m[39m
    [90m280| [39m    
[34mexpect[39m(exported[33m.[39mversion)[33m.[39m[34mtoBeDefined[39m()[33m;[39m
    [90m281| [39m    
[34mexpect[39m(exported[33m.[39mprofileName)[33m.[39m[34mtoBe[39m([32m'Test 
Profile'[39m)[33m;[39m
    [90m282| [39m    [34mexpect[39m(exported[33m.[39mcompletedTasks)[33m.[39m[34mto
Contain[39m([32m'task-1'[39m)[33m;[39m
    [90m   | [39m                                    [31m^[39m
    [90m283| [39m    [34mexpect[39m(exported[33m.[39mcompletedTasks)[33m.[39m[34mto
Contain[39m([32m'task-2'[39m)[33m;[39m
    [90m284| [39m    [34mexpect[39m(exported[33m.[39mcompletedCollectorItems)[33m.[3
9m[34mtoContain[39m([32m'item-1'[39m)[33m;[39m

[31m[2mÔÄ»ÔÄ»ÔÄ»ÔÄ»ÔÄ»ÔÄ»ÔÄ»ÔÄ»ÔÄ»ÔÄ»ÔÄ»ÔÄ»ÔÄ»ÔÄ»ÔÄ»ÔÄ»ÔÄ»ÔÄ»ÔÄ»ÔÄ»ÔÄ»ÔÄ»ÔÄ»ÔÄ»[1/3]ÔÄ»[2
2m[39m

[31m[1m[7m FAIL [27m[22m[39m src/utils/__tests__/indexedDB.spec.ts[2m > 
[22mExportImportService - Single Profile[2m > [22mshould import all data
[31m[1mAssertionError[22m: expected false to be true // Object.is equality[39m

[32m- Expected[39m
[31m+ Received[39m

[32m- true[39m
[31m+ false[39m

[36m [2mÔØ»[22m src/utils/__tests__/indexedDB.spec.ts:[2m313:33[22m[39m
    [90m311| [39m    [35mconst[39m prestige [33m=[39m [35mawait[39m 
storage[33m.[39m[34mloadPrestigeProgress[39m([32m'prestige-2'[39m)[33m;[39m
    [90m312| [39m    
    [90m313| [39m    [34mexpect[39m(tasks[33m.[39m[34mhas[39m([32m'task-a'[39m))[
33m.[39m[34mtoBe[39m([35mtrue[39m)[33m;[39m
    [90m   | [39m                                [31m^[39m
    [90m314| [39m    [34mexpect[39m(tasks[33m.[39m[34mhas[39m([32m'task-b'[39m))[
33m.[39m[34mtoBe[39m([35mtrue[39m)[33m;[39m
    [90m315| [39m    [34mexpect[39m(items[33m.[39m[34mhas[39m([32m'item-a'[39m))[
33m.[39m[34mtoBe[39m([35mtrue[39m)[33m;[39m

[31m[2mÔÄ»ÔÄ»ÔÄ»ÔÄ»ÔÄ»ÔÄ»ÔÄ»ÔÄ»ÔÄ»ÔÄ»ÔÄ»ÔÄ»ÔÄ»ÔÄ»ÔÄ»ÔÄ»ÔÄ»ÔÄ»ÔÄ»ÔÄ»ÔÄ»ÔÄ»ÔÄ»ÔÄ»[2/3]ÔÄ»[2
2m[39m

[31m[1m[7m FAIL [27m[22m[39m src/utils/__tests__/indexedDB.spec.ts[2m > 
[22mExportImportService - Single Profile[2m > [22mshould handle import with missing 
fields gracefully
[31m[1mAssertionError[22m: expected 2 to be 1 // Object.is equality[39m

[32m- Expected[39m
[31m+ Received[39m

[32m- 1[39m
[31m+ 2[39m

[36m [2mÔØ»[22m src/utils/__tests__/indexedDB.spec.ts:[2m338:24[22m[39m
    [90m336| [39m    
    [90m337| [39m    [35mconst[39m tasks [33m=[39m [35mawait[39m 
storage[33m.[39m[34mloadCompletedTasks[39m()[33m;[39m
    [90m338| [39m    
[34mexpect[39m(tasks[33m.[39msize)[33m.[39m[34mtoBe[39m([34m1[39m)[33m;[39m
    [90m   | [39m                       [31m^[39m
    [90m339| [39m    [34mexpect[39m(tasks[33m.[39m[34mhas[39m([32m'task-x'[39m))[
33m.[39m[34mtoBe[39m([35mtrue[39m)[33m;[39m
    [90m340| [39m  })[33m;[39m

[31m[2mÔÄ»ÔÄ»ÔÄ»ÔÄ»ÔÄ»ÔÄ»ÔÄ»ÔÄ»ÔÄ»ÔÄ»ÔÄ»ÔÄ»ÔÄ»ÔÄ»ÔÄ»ÔÄ»ÔÄ»ÔÄ»ÔÄ»ÔÄ»ÔÄ»ÔÄ»ÔÄ»ÔÄ»[3/3]ÔÄ»[2
2m[39m

[2m Test Files [22m [1m[31m1 failed[39m[22m[2m | [22m[1m[32m1 passed[39m[22m[90m (2)[39m
[2m      Tests [22m [1m[31m3 failed[39m[22m[2m | [22m[1m[32m33 passed[39m[22m[90m (36)[39m
[2m   Start at [22m 11:49:31
[2m   Duration [22m 3.13s[2m (transform 108ms, setup 98ms, collect 137ms, tests 61ms, environment 3.45s, prepare 341ms)[22m

error: script "test:run" exited with code 1
